// Jest Snapshot v1, https://goo.gl/fbAQLP

exports[`ChatRoom component should match the snapshot 1`] = `
<DocumentFragment>
  <main
    id="chatBox"
  >
    <span
      id="show-more-message"
    >
      _______ Show more ________
    </span>
    <div
      class="message-box"
    />
    <div
      class="message-panel"
    >
      <form
        class="message-panel-form"
      >
        <input
          aria-label="Type message here"
          class="msg-input"
          placeholder="Type your message and hit enter"
          value=""
        />
        <button
          aria-label="Add an emoji"
          class="chat-btns"
          id="emoji-btn"
          title="Add an emoji"
          type="button"
        >
          <svg
            fill="currentColor"
            height="1em"
            stroke="currentColor"
            stroke-width="0"
            viewBox="0 0 16 16"
            width="1em"
            xmlns="http://www.w3.org/2000/svg"
          >
            <path
              d="M8 15A7 7 0 1 1 8 1a7 7 0 0 1 0 14zm0 1A8 8 0 1 0 8 0a8 8 0 0 0 0 16z"
            />
            <path
              d="M4.285 9.567a.5.5 0 0 1 .683.183A3.498 3.498 0 0 0 8 11.5a3.498 3.498 0 0 0 3.032-1.75.5.5 0 1 1 .866.5A4.498 4.498 0 0 1 8 12.5a4.498 4.498 0 0 1-3.898-2.25.5.5 0 0 1 .183-.683zM7 6.5C7 7.328 6.552 8 6 8s-1-.672-1-1.5S5.448 5 6 5s1 .672 1 1.5zm4 0c0 .828-.448 1.5-1 1.5s-1-.672-1-1.5S9.448 5 10 5s1 .672 1 1.5z"
            />
          </svg>
        </button>
        <input
          accept="image/*"
          aria-labelledby="img-btn"
          data-testid="fileDropzone"
          id="mediaCapture"
          type="file"
        />
        <button
          aria-label="Add an image"
          class="chat-btns"
          id="img-btn"
          title="Add an image"
          type="button"
        >
          <svg
            fill="currentColor"
            height="1em"
            stroke="currentColor"
            stroke-width="0"
            viewBox="0 0 24 24"
            width="1em"
            xmlns="http://www.w3.org/2000/svg"
          >
            <path
              d="M0 0h24v24H0V0z"
              fill="none"
            />
            <path
              d="M21 3H3C2 3 1 4 1 5v14c0 1.1.9 2 2 2h18c1 0 2-1 2-2V5c0-1-1-2-2-2zm0 15.92c-.02.03-.06.06-.08.08H3V5.08L3.08 5h17.83c.03.02.06.06.08.08v13.84zm-10-3.41L8.5 12.5 5 17h14l-4.5-6z"
            />
          </svg>
        </button>
        <button
          class="chat-btns"
          disabled=""
          id="send-btn"
          type="submit"
        >
          SEND
        </button>
      </form>
    </div>
  </main>
</DocumentFragment>
`;
