// Jest Snapshot v1, https://goo.gl/fbAQLP

exports[`Test suites for WeatherInfo component should match the snapshot 1`] = `
<DocumentFragment>
  <h1>
    ðŸ’¬Chat Room
  </h1>
</DocumentFragment>
`;
